{
  "name": "foo_schema_01",
  "type": "engram",
  "smt": {
    "model": "mssql",
    "locus": "server=dev.dictadata.net;database=storage_node",
    "schema": "foo_schema_01",
    "key": "=Foo"
  },
  "fields": [
    {
      "name": "Foo",
      "type": "keyword",
      "size": 7
    },
    {
      "name": "Bar",
      "type": "text",
      "size": 13
    },
    {
      "name": "Baz",
      "type": "integer"
    },
    {
      "name": "Fobe",
      "type": "number"
    },
    {
      "name": "Dt Test",
      "type": "date"
    },
    {
      "name": "enabled",
      "type": "boolean"
    },
    {
      "name": "subObj1",
      "type": "keyword",
      "size": 19
    },
    {
      "name": "subObj2",
      "type": "keyword",
      "size": 22
    },
    {
      "name": "tags",
      "type": "keyword",
      "size": 21
    }
  ]
}
